// Jest Snapshot v1, https://goo.gl/fbAQLP

exports[`BulletList renders with standard text 1`] = `
<ul
  className="root"
>
  <Text>
    Foo
  </Text>
  <Text>
    Bar
  </Text>
</ul>
`;
